Archive member included to satisfy reference by file (symbol)

/usr/lib/gcc/avr/4.9.2/avr4/libgcc.a(_exit.o)
                              /usr/lib/gcc/avr/4.9.2/../../../avr/lib/avr4/crtatmega8.o (exit)
/usr/lib/gcc/avr/4.9.2/avr4/libgcc.a(_copy_data.o)
                              main.o (__do_copy_data)
/usr/lib/gcc/avr/4.9.2/../../../avr/lib/avr4/libc.a(iob.o)
                              main.o (__iob)
/usr/lib/gcc/avr/4.9.2/../../../avr/lib/avr4/libc.a(printf.o)
                              main.o (printf)
/usr/lib/gcc/avr/4.9.2/../../../avr/lib/avr4/libc.a(scanf.o)
                              main.o (scanf)
/usr/lib/gcc/avr/4.9.2/../../../avr/lib/avr4/libc.a(vfprintf_std.o)
                              /usr/lib/gcc/avr/4.9.2/../../../avr/lib/avr4/libc.a(printf.o) (vfprintf)
/usr/lib/gcc/avr/4.9.2/../../../avr/lib/avr4/libc.a(vfscanf_std.o)
                              /usr/lib/gcc/avr/4.9.2/../../../avr/lib/avr4/libc.a(scanf.o) (vfscanf)
/usr/lib/gcc/avr/4.9.2/../../../avr/lib/avr4/libc.a(isspace.o)
                              /usr/lib/gcc/avr/4.9.2/../../../avr/lib/avr4/libc.a(vfscanf_std.o) (isspace)
/usr/lib/gcc/avr/4.9.2/../../../avr/lib/avr4/libc.a(strchr_P.o)
                              /usr/lib/gcc/avr/4.9.2/../../../avr/lib/avr4/libc.a(vfscanf_std.o) (strchr_P)
/usr/lib/gcc/avr/4.9.2/../../../avr/lib/avr4/libc.a(strnlen_P.o)
                              /usr/lib/gcc/avr/4.9.2/../../../avr/lib/avr4/libc.a(vfprintf_std.o) (strnlen_P)
/usr/lib/gcc/avr/4.9.2/../../../avr/lib/avr4/libc.a(strnlen.o)
                              /usr/lib/gcc/avr/4.9.2/../../../avr/lib/avr4/libc.a(vfprintf_std.o) (strnlen)
/usr/lib/gcc/avr/4.9.2/../../../avr/lib/avr4/libc.a(fgetc.o)
                              /usr/lib/gcc/avr/4.9.2/../../../avr/lib/avr4/libc.a(vfscanf_std.o) (fgetc)
/usr/lib/gcc/avr/4.9.2/../../../avr/lib/avr4/libc.a(fputc.o)
                              /usr/lib/gcc/avr/4.9.2/../../../avr/lib/avr4/libc.a(vfprintf_std.o) (fputc)
/usr/lib/gcc/avr/4.9.2/../../../avr/lib/avr4/libc.a(ungetc.o)
                              /usr/lib/gcc/avr/4.9.2/../../../avr/lib/avr4/libc.a(vfscanf_std.o) (ungetc)
/usr/lib/gcc/avr/4.9.2/../../../avr/lib/avr4/libc.a(ultoa_invert.o)
                              /usr/lib/gcc/avr/4.9.2/../../../avr/lib/avr4/libc.a(vfprintf_std.o) (__ultoa_invert)
/usr/lib/gcc/avr/4.9.2/../../../avr/lib/avr4/libc.a(cty_isfalse.o)
                              /usr/lib/gcc/avr/4.9.2/../../../avr/lib/avr4/libc.a(isspace.o) (__ctype_isfalse)
/usr/lib/gcc/avr/4.9.2/avr4/libgcc.a(_clear_bss.o)
                              /usr/lib/gcc/avr/4.9.2/../../../avr/lib/avr4/libc.a(iob.o) (__do_clear_bss)
/usr/lib/gcc/avr/4.9.2/avr4/libgcc.a(_prologue.o)
                              /usr/lib/gcc/avr/4.9.2/../../../avr/lib/avr4/libc.a(printf.o) (__prologue_saves__)
/usr/lib/gcc/avr/4.9.2/avr4/libgcc.a(_epilogue.o)
                              /usr/lib/gcc/avr/4.9.2/../../../avr/lib/avr4/libc.a(printf.o) (__epilogue_restores__)

Allocating common symbols
Common symbol       size              file

__iob               0x6               /usr/lib/gcc/avr/4.9.2/../../../avr/lib/avr4/libc.a(iob.o)

Memory Configuration

Name             Origin             Length             Attributes
text             0x0000000000000000 0x0000000000002000 xr
data             0x0000000000800060 0x000000000000ffa0 rw !x
eeprom           0x0000000000810000 0x0000000000010000 rw !x
fuse             0x0000000000820000 0x0000000000000400 rw !x
lock             0x0000000000830000 0x0000000000000400 rw !x
signature        0x0000000000840000 0x0000000000000400 rw !x
user_signatures  0x0000000000850000 0x0000000000000400 rw !x
*default*        0x0000000000000000 0xffffffffffffffff

Linker script and memory map

LOAD /usr/lib/gcc/avr/4.9.2/../../../avr/lib/avr4/crtatmega8.o
LOAD main.o
LOAD uart.o
LOAD debug.o
LOAD /usr/lib/gcc/avr/4.9.2/../../../avr/lib/avr4/libm.a
START GROUP
LOAD /usr/lib/gcc/avr/4.9.2/avr4/libgcc.a
LOAD /usr/lib/gcc/avr/4.9.2/../../../avr/lib/avr4/libm.a
LOAD /usr/lib/gcc/avr/4.9.2/../../../avr/lib/avr4/libc.a
LOAD /usr/lib/gcc/avr/4.9.2/../../../avr/lib/avr4/libatmega8.a
END GROUP

.hash
 *(.hash)

.dynsym
 *(.dynsym)

.dynstr
 *(.dynstr)

.gnu.version
 *(.gnu.version)

.gnu.version_d
 *(.gnu.version_d)

.gnu.version_r
 *(.gnu.version_r)

.rel.init
 *(.rel.init)

.rela.init
 *(.rela.init)

.rel.text
 *(.rel.text)
 *(.rel.text.*)
 *(.rel.gnu.linkonce.t*)

.rela.text
 *(.rela.text)
 *(.rela.text.*)
 *(.rela.gnu.linkonce.t*)

.rel.fini
 *(.rel.fini)

.rela.fini
 *(.rela.fini)

.rel.rodata
 *(.rel.rodata)
 *(.rel.rodata.*)
 *(.rel.gnu.linkonce.r*)

.rela.rodata
 *(.rela.rodata)
 *(.rela.rodata.*)
 *(.rela.gnu.linkonce.r*)

.rel.data
 *(.rel.data)
 *(.rel.data.*)
 *(.rel.gnu.linkonce.d*)

.rela.data
 *(.rela.data)
 *(.rela.data.*)
 *(.rela.gnu.linkonce.d*)

.rel.ctors
 *(.rel.ctors)

.rela.ctors
 *(.rela.ctors)

.rel.dtors
 *(.rel.dtors)

.rela.dtors
 *(.rela.dtors)

.rel.got
 *(.rel.got)

.rela.got
 *(.rela.got)

.rel.bss
 *(.rel.bss)

.rela.bss
 *(.rela.bss)

.rel.plt
 *(.rel.plt)

.rela.plt
 *(.rela.plt)

.text           0x0000000000000000      0xcd2
 *(.vectors)
 .vectors       0x0000000000000000       0x26 /usr/lib/gcc/avr/4.9.2/../../../avr/lib/avr4/crtatmega8.o
                0x0000000000000000                __vectors
                0x0000000000000000                __vector_default
 *(.vectors)
 *(.progmem.gcc*)
                0x0000000000000026                . = ALIGN (0x2)
                0x0000000000000026                __trampolines_start = .
 *(.trampolines)
 .trampolines   0x0000000000000026        0x0 linker stubs
 *(.trampolines*)
                0x0000000000000026                __trampolines_end = .
 *(.progmem*)
 .progmem.data  0x0000000000000026        0xc /usr/lib/gcc/avr/4.9.2/../../../avr/lib/avr4/libc.a(vfscanf_std.o)
                0x0000000000000032                . = ALIGN (0x2)
 *(.jumptables)
 *(.jumptables*)
 *(.lowtext)
 *(.lowtext*)
                0x0000000000000032                __ctors_start = .
 *(.ctors)
                0x0000000000000032                __ctors_end = .
                0x0000000000000032                __dtors_start = .
 *(.dtors)
                0x0000000000000032                __dtors_end = .
 SORT(*)(.ctors)
 SORT(*)(.dtors)
 *(.init0)
 .init0         0x0000000000000032        0x0 /usr/lib/gcc/avr/4.9.2/../../../avr/lib/avr4/crtatmega8.o
                0x0000000000000032                __init
 *(.init0)
 *(.init1)
 *(.init1)
 *(.init2)
 .init2         0x0000000000000032        0xc /usr/lib/gcc/avr/4.9.2/../../../avr/lib/avr4/crtatmega8.o
 *(.init2)
 *(.init3)
 *(.init3)
 *(.init4)
 .init4         0x000000000000003e       0x16 /usr/lib/gcc/avr/4.9.2/avr4/libgcc.a(_copy_data.o)
                0x000000000000003e                __do_copy_data
 .init4         0x0000000000000054       0x10 /usr/lib/gcc/avr/4.9.2/avr4/libgcc.a(_clear_bss.o)
                0x0000000000000054                __do_clear_bss
 *(.init4)
 *(.init5)
 *(.init5)
 *(.init6)
 *(.init6)
 *(.init7)
 *(.init7)
 *(.init8)
 *(.init8)
 *(.init9)
 .init9         0x0000000000000064        0x4 /usr/lib/gcc/avr/4.9.2/../../../avr/lib/avr4/crtatmega8.o
 *(.init9)
 *(.text)
 .text          0x0000000000000068        0x2 /usr/lib/gcc/avr/4.9.2/../../../avr/lib/avr4/crtatmega8.o
                0x0000000000000068                __vector_1
                0x0000000000000068                __vector_12
                0x0000000000000068                __bad_interrupt
                0x0000000000000068                __vector_6
                0x0000000000000068                __vector_3
                0x0000000000000068                __vector_11
                0x0000000000000068                __vector_13
                0x0000000000000068                __vector_17
                0x0000000000000068                __vector_7
                0x0000000000000068                __vector_5
                0x0000000000000068                __vector_4
                0x0000000000000068                __vector_9
                0x0000000000000068                __vector_2
                0x0000000000000068                __vector_15
                0x0000000000000068                __vector_8
                0x0000000000000068                __vector_14
                0x0000000000000068                __vector_10
                0x0000000000000068                __vector_16
                0x0000000000000068                __vector_18
 .text          0x000000000000006a        0x0 main.o
 .text          0x000000000000006a       0x24 uart.o
                0x000000000000006a                uart_init
                0x000000000000007e                uart_send_char
                0x0000000000000086                uart_receive_char
 .text          0x000000000000008e       0x34 debug.o
                0x000000000000008e                USARTSendByte
                0x00000000000000ac                USARTReceiveByte
 .text          0x00000000000000c2        0x0 /usr/lib/gcc/avr/4.9.2/avr4/libgcc.a(_exit.o)
 .text          0x00000000000000c2        0x0 /usr/lib/gcc/avr/4.9.2/avr4/libgcc.a(_copy_data.o)
 .text          0x00000000000000c2        0x0 /usr/lib/gcc/avr/4.9.2/../../../avr/lib/avr4/libc.a(iob.o)
 .text          0x00000000000000c2        0x0 /usr/lib/gcc/avr/4.9.2/../../../avr/lib/avr4/libc.a(printf.o)
 .text          0x00000000000000c2        0x0 /usr/lib/gcc/avr/4.9.2/../../../avr/lib/avr4/libc.a(scanf.o)
 .text          0x00000000000000c2        0x0 /usr/lib/gcc/avr/4.9.2/../../../avr/lib/avr4/libc.a(vfprintf_std.o)
 .text          0x00000000000000c2        0x0 /usr/lib/gcc/avr/4.9.2/../../../avr/lib/avr4/libc.a(vfscanf_std.o)
 .text          0x00000000000000c2        0x0 /usr/lib/gcc/avr/4.9.2/../../../avr/lib/avr4/libc.a(isspace.o)
 .text          0x00000000000000c2        0x0 /usr/lib/gcc/avr/4.9.2/../../../avr/lib/avr4/libc.a(strchr_P.o)
 .text          0x00000000000000c2        0x0 /usr/lib/gcc/avr/4.9.2/../../../avr/lib/avr4/libc.a(strnlen_P.o)
 .text          0x00000000000000c2        0x0 /usr/lib/gcc/avr/4.9.2/../../../avr/lib/avr4/libc.a(strnlen.o)
 .text          0x00000000000000c2        0x0 /usr/lib/gcc/avr/4.9.2/../../../avr/lib/avr4/libc.a(fgetc.o)
 .text          0x00000000000000c2        0x0 /usr/lib/gcc/avr/4.9.2/../../../avr/lib/avr4/libc.a(fputc.o)
 .text          0x00000000000000c2        0x0 /usr/lib/gcc/avr/4.9.2/../../../avr/lib/avr4/libc.a(ungetc.o)
 .text          0x00000000000000c2        0x0 /usr/lib/gcc/avr/4.9.2/../../../avr/lib/avr4/libc.a(ultoa_invert.o)
 .text          0x00000000000000c2        0x0 /usr/lib/gcc/avr/4.9.2/../../../avr/lib/avr4/libc.a(cty_isfalse.o)
 .text          0x00000000000000c2        0x0 /usr/lib/gcc/avr/4.9.2/avr4/libgcc.a(_clear_bss.o)
 .text          0x00000000000000c2        0x0 /usr/lib/gcc/avr/4.9.2/avr4/libgcc.a(_prologue.o)
 .text          0x00000000000000c2        0x0 /usr/lib/gcc/avr/4.9.2/avr4/libgcc.a(_epilogue.o)
                0x00000000000000c2                . = ALIGN (0x2)
 *(.text.*)
 .text.startup  0x00000000000000c2       0x7c main.o
                0x00000000000000c2                main
 .text.libgcc.mul
                0x000000000000013e        0x0 /usr/lib/gcc/avr/4.9.2/avr4/libgcc.a(_exit.o)
 .text.libgcc.div
                0x000000000000013e        0x0 /usr/lib/gcc/avr/4.9.2/avr4/libgcc.a(_exit.o)
 .text.libgcc   0x000000000000013e        0x0 /usr/lib/gcc/avr/4.9.2/avr4/libgcc.a(_exit.o)
 .text.libgcc.prologue
                0x000000000000013e        0x0 /usr/lib/gcc/avr/4.9.2/avr4/libgcc.a(_exit.o)
 .text.libgcc.builtins
                0x000000000000013e        0x0 /usr/lib/gcc/avr/4.9.2/avr4/libgcc.a(_exit.o)
 .text.libgcc.fmul
                0x000000000000013e        0x0 /usr/lib/gcc/avr/4.9.2/avr4/libgcc.a(_exit.o)
 .text.libgcc.fixed
                0x000000000000013e        0x0 /usr/lib/gcc/avr/4.9.2/avr4/libgcc.a(_exit.o)
 .text.libgcc.mul
                0x000000000000013e        0x0 /usr/lib/gcc/avr/4.9.2/avr4/libgcc.a(_copy_data.o)
 .text.libgcc.div
                0x000000000000013e        0x0 /usr/lib/gcc/avr/4.9.2/avr4/libgcc.a(_copy_data.o)
 .text.libgcc   0x000000000000013e        0x0 /usr/lib/gcc/avr/4.9.2/avr4/libgcc.a(_copy_data.o)
 .text.libgcc.prologue
                0x000000000000013e        0x0 /usr/lib/gcc/avr/4.9.2/avr4/libgcc.a(_copy_data.o)
 .text.libgcc.builtins
                0x000000000000013e        0x0 /usr/lib/gcc/avr/4.9.2/avr4/libgcc.a(_copy_data.o)
 .text.libgcc.fmul
                0x000000000000013e        0x0 /usr/lib/gcc/avr/4.9.2/avr4/libgcc.a(_copy_data.o)
 .text.libgcc.fixed
                0x000000000000013e        0x0 /usr/lib/gcc/avr/4.9.2/avr4/libgcc.a(_copy_data.o)
 .text.avr-libc
                0x000000000000013e       0x26 /usr/lib/gcc/avr/4.9.2/../../../avr/lib/avr4/libc.a(printf.o)
                0x000000000000013e                printf
 .text.avr-libc
                0x0000000000000164       0x26 /usr/lib/gcc/avr/4.9.2/../../../avr/lib/avr4/libc.a(scanf.o)
                0x0000000000000164                scanf
 .text.avr-libc
                0x000000000000018a      0x386 /usr/lib/gcc/avr/4.9.2/../../../avr/lib/avr4/libc.a(vfprintf_std.o)
                0x000000000000018a                vfprintf
 .text.avr-libc
                0x0000000000000510      0x51e /usr/lib/gcc/avr/4.9.2/../../../avr/lib/avr4/libc.a(vfscanf_std.o)
                0x00000000000007ee                vfscanf
 .text.avr-libc
                0x0000000000000a2e       0x10 /usr/lib/gcc/avr/4.9.2/../../../avr/lib/avr4/libc.a(isspace.o)
                0x0000000000000a2e                isspace
 .text.avr-libc
                0x0000000000000a3e       0x16 /usr/lib/gcc/avr/4.9.2/../../../avr/lib/avr4/libc.a(strchr_P.o)
                0x0000000000000a3e                strchr_P
 .text.avr-libc
                0x0000000000000a54       0x16 /usr/lib/gcc/avr/4.9.2/../../../avr/lib/avr4/libc.a(strnlen_P.o)
                0x0000000000000a54                strnlen_P
 .text.avr-libc
                0x0000000000000a6a       0x16 /usr/lib/gcc/avr/4.9.2/../../../avr/lib/avr4/libc.a(strnlen.o)
                0x0000000000000a6a                strnlen
 .text.avr-libc
                0x0000000000000a80       0x7c /usr/lib/gcc/avr/4.9.2/../../../avr/lib/avr4/libc.a(fgetc.o)
                0x0000000000000a80                fgetc
 .text.avr-libc
                0x0000000000000afc       0x70 /usr/lib/gcc/avr/4.9.2/../../../avr/lib/avr4/libc.a(fputc.o)
                0x0000000000000afc                fputc
 .text.avr-libc
                0x0000000000000b6c       0x32 /usr/lib/gcc/avr/4.9.2/../../../avr/lib/avr4/libc.a(ungetc.o)
                0x0000000000000b6c                ungetc
 .text.avr-libc
                0x0000000000000b9e       0xbc /usr/lib/gcc/avr/4.9.2/../../../avr/lib/avr4/libc.a(ultoa_invert.o)
                0x0000000000000b9e                __ultoa_invert
 .text.avr-libc
                0x0000000000000c5a        0x6 /usr/lib/gcc/avr/4.9.2/../../../avr/lib/avr4/libc.a(cty_isfalse.o)
                0x0000000000000c5a                __ctype_isfalse
                0x0000000000000c5e                __ctype_istrue
 .text.libgcc.mul
                0x0000000000000c60        0x0 /usr/lib/gcc/avr/4.9.2/avr4/libgcc.a(_clear_bss.o)
 .text.libgcc.div
                0x0000000000000c60        0x0 /usr/lib/gcc/avr/4.9.2/avr4/libgcc.a(_clear_bss.o)
 .text.libgcc   0x0000000000000c60        0x0 /usr/lib/gcc/avr/4.9.2/avr4/libgcc.a(_clear_bss.o)
 .text.libgcc.prologue
                0x0000000000000c60        0x0 /usr/lib/gcc/avr/4.9.2/avr4/libgcc.a(_clear_bss.o)
 .text.libgcc.builtins
                0x0000000000000c60        0x0 /usr/lib/gcc/avr/4.9.2/avr4/libgcc.a(_clear_bss.o)
 .text.libgcc.fmul
                0x0000000000000c60        0x0 /usr/lib/gcc/avr/4.9.2/avr4/libgcc.a(_clear_bss.o)
 .text.libgcc.fixed
                0x0000000000000c60        0x0 /usr/lib/gcc/avr/4.9.2/avr4/libgcc.a(_clear_bss.o)
 .text.libgcc.mul
                0x0000000000000c60        0x0 /usr/lib/gcc/avr/4.9.2/avr4/libgcc.a(_prologue.o)
 .text.libgcc.div
                0x0000000000000c60        0x0 /usr/lib/gcc/avr/4.9.2/avr4/libgcc.a(_prologue.o)
 .text.libgcc   0x0000000000000c60        0x0 /usr/lib/gcc/avr/4.9.2/avr4/libgcc.a(_prologue.o)
 .text.libgcc.prologue
                0x0000000000000c60       0x38 /usr/lib/gcc/avr/4.9.2/avr4/libgcc.a(_prologue.o)
                0x0000000000000c60                __prologue_saves__
 .text.libgcc.builtins
                0x0000000000000c98        0x0 /usr/lib/gcc/avr/4.9.2/avr4/libgcc.a(_prologue.o)
 .text.libgcc.fmul
                0x0000000000000c98        0x0 /usr/lib/gcc/avr/4.9.2/avr4/libgcc.a(_prologue.o)
 .text.libgcc.fixed
                0x0000000000000c98        0x0 /usr/lib/gcc/avr/4.9.2/avr4/libgcc.a(_prologue.o)
 .text.libgcc.mul
                0x0000000000000c98        0x0 /usr/lib/gcc/avr/4.9.2/avr4/libgcc.a(_epilogue.o)
 .text.libgcc.div
                0x0000000000000c98        0x0 /usr/lib/gcc/avr/4.9.2/avr4/libgcc.a(_epilogue.o)
 .text.libgcc   0x0000000000000c98        0x0 /usr/lib/gcc/avr/4.9.2/avr4/libgcc.a(_epilogue.o)
 .text.libgcc.prologue
                0x0000000000000c98       0x36 /usr/lib/gcc/avr/4.9.2/avr4/libgcc.a(_epilogue.o)
                0x0000000000000c98                __epilogue_restores__
 .text.libgcc.builtins
                0x0000000000000cce        0x0 /usr/lib/gcc/avr/4.9.2/avr4/libgcc.a(_epilogue.o)
 .text.libgcc.fmul
                0x0000000000000cce        0x0 /usr/lib/gcc/avr/4.9.2/avr4/libgcc.a(_epilogue.o)
 .text.libgcc.fixed
                0x0000000000000cce        0x0 /usr/lib/gcc/avr/4.9.2/avr4/libgcc.a(_epilogue.o)
                0x0000000000000cce                . = ALIGN (0x2)
 *(.fini9)
 .fini9         0x0000000000000cce        0x0 /usr/lib/gcc/avr/4.9.2/avr4/libgcc.a(_exit.o)
                0x0000000000000cce                exit
                0x0000000000000cce                _exit
 *(.fini9)
 *(.fini8)
 *(.fini8)
 *(.fini7)
 *(.fini7)
 *(.fini6)
 *(.fini6)
 *(.fini5)
 *(.fini5)
 *(.fini4)
 *(.fini4)
 *(.fini3)
 *(.fini3)
 *(.fini2)
 *(.fini2)
 *(.fini1)
 *(.fini1)
 *(.fini0)
 .fini0         0x0000000000000cce        0x4 /usr/lib/gcc/avr/4.9.2/avr4/libgcc.a(_exit.o)
 *(.fini0)
                0x0000000000000cd2                _etext = .

.data           0x0000000000800060       0x1c load address 0x0000000000000cd2
                0x0000000000800060                PROVIDE (__data_start, .)
 *(.data)
 .data          0x0000000000800060        0x0 /usr/lib/gcc/avr/4.9.2/../../../avr/lib/avr4/crtatmega8.o
 .data          0x0000000000800060        0xe main.o
                0x0000000000800060                usart_str
 .data          0x000000000080006e        0x0 uart.o
 .data          0x000000000080006e        0x0 debug.o
 .data          0x000000000080006e        0x0 /usr/lib/gcc/avr/4.9.2/avr4/libgcc.a(_exit.o)
 .data          0x000000000080006e        0x0 /usr/lib/gcc/avr/4.9.2/avr4/libgcc.a(_copy_data.o)
 .data          0x000000000080006e        0x0 /usr/lib/gcc/avr/4.9.2/../../../avr/lib/avr4/libc.a(iob.o)
 .data          0x000000000080006e        0x0 /usr/lib/gcc/avr/4.9.2/../../../avr/lib/avr4/libc.a(printf.o)
 .data          0x000000000080006e        0x0 /usr/lib/gcc/avr/4.9.2/../../../avr/lib/avr4/libc.a(scanf.o)
 .data          0x000000000080006e        0x0 /usr/lib/gcc/avr/4.9.2/../../../avr/lib/avr4/libc.a(vfprintf_std.o)
 .data          0x000000000080006e        0x0 /usr/lib/gcc/avr/4.9.2/../../../avr/lib/avr4/libc.a(vfscanf_std.o)
 .data          0x000000000080006e        0x0 /usr/lib/gcc/avr/4.9.2/../../../avr/lib/avr4/libc.a(isspace.o)
 .data          0x000000000080006e        0x0 /usr/lib/gcc/avr/4.9.2/../../../avr/lib/avr4/libc.a(strchr_P.o)
 .data          0x000000000080006e        0x0 /usr/lib/gcc/avr/4.9.2/../../../avr/lib/avr4/libc.a(strnlen_P.o)
 .data          0x000000000080006e        0x0 /usr/lib/gcc/avr/4.9.2/../../../avr/lib/avr4/libc.a(strnlen.o)
 .data          0x000000000080006e        0x0 /usr/lib/gcc/avr/4.9.2/../../../avr/lib/avr4/libc.a(fgetc.o)
 .data          0x000000000080006e        0x0 /usr/lib/gcc/avr/4.9.2/../../../avr/lib/avr4/libc.a(fputc.o)
 .data          0x000000000080006e        0x0 /usr/lib/gcc/avr/4.9.2/../../../avr/lib/avr4/libc.a(ungetc.o)
 .data          0x000000000080006e        0x0 /usr/lib/gcc/avr/4.9.2/../../../avr/lib/avr4/libc.a(ultoa_invert.o)
 .data          0x000000000080006e        0x0 /usr/lib/gcc/avr/4.9.2/../../../avr/lib/avr4/libc.a(cty_isfalse.o)
 .data          0x000000000080006e        0x0 /usr/lib/gcc/avr/4.9.2/avr4/libgcc.a(_clear_bss.o)
 .data          0x000000000080006e        0x0 /usr/lib/gcc/avr/4.9.2/avr4/libgcc.a(_prologue.o)
 .data          0x000000000080006e        0x0 /usr/lib/gcc/avr/4.9.2/avr4/libgcc.a(_epilogue.o)
 *(.data*)
 *(.rodata)
 *(.rodata*)
 .rodata.str1.1
                0x000000000080006e        0xd main.o
 *(.gnu.linkonce.d*)
                0x000000000080007c                . = ALIGN (0x2)
 *fill*         0x000000000080007b        0x1 
                0x000000000080007c                _edata = .
                0x000000000080007c                PROVIDE (__data_end, .)

.bss            0x000000000080007c        0x6
                0x000000000080007c                PROVIDE (__bss_start, .)
 *(.bss)
 .bss           0x000000000080007c        0x0 /usr/lib/gcc/avr/4.9.2/../../../avr/lib/avr4/crtatmega8.o
 .bss           0x000000000080007c        0x0 main.o
 .bss           0x000000000080007c        0x0 uart.o
 .bss           0x000000000080007c        0x0 debug.o
 .bss           0x000000000080007c        0x0 /usr/lib/gcc/avr/4.9.2/avr4/libgcc.a(_exit.o)
 .bss           0x000000000080007c        0x0 /usr/lib/gcc/avr/4.9.2/avr4/libgcc.a(_copy_data.o)
 .bss           0x000000000080007c        0x0 /usr/lib/gcc/avr/4.9.2/../../../avr/lib/avr4/libc.a(iob.o)
 .bss           0x000000000080007c        0x0 /usr/lib/gcc/avr/4.9.2/../../../avr/lib/avr4/libc.a(printf.o)
 .bss           0x000000000080007c        0x0 /usr/lib/gcc/avr/4.9.2/../../../avr/lib/avr4/libc.a(scanf.o)
 .bss           0x000000000080007c        0x0 /usr/lib/gcc/avr/4.9.2/../../../avr/lib/avr4/libc.a(vfprintf_std.o)
 .bss           0x000000000080007c        0x0 /usr/lib/gcc/avr/4.9.2/../../../avr/lib/avr4/libc.a(vfscanf_std.o)
 .bss           0x000000000080007c        0x0 /usr/lib/gcc/avr/4.9.2/../../../avr/lib/avr4/libc.a(isspace.o)
 .bss           0x000000000080007c        0x0 /usr/lib/gcc/avr/4.9.2/../../../avr/lib/avr4/libc.a(strchr_P.o)
 .bss           0x000000000080007c        0x0 /usr/lib/gcc/avr/4.9.2/../../../avr/lib/avr4/libc.a(strnlen_P.o)
 .bss           0x000000000080007c        0x0 /usr/lib/gcc/avr/4.9.2/../../../avr/lib/avr4/libc.a(strnlen.o)
 .bss           0x000000000080007c        0x0 /usr/lib/gcc/avr/4.9.2/../../../avr/lib/avr4/libc.a(fgetc.o)
 .bss           0x000000000080007c        0x0 /usr/lib/gcc/avr/4.9.2/../../../avr/lib/avr4/libc.a(fputc.o)
 .bss           0x000000000080007c        0x0 /usr/lib/gcc/avr/4.9.2/../../../avr/lib/avr4/libc.a(ungetc.o)
 .bss           0x000000000080007c        0x0 /usr/lib/gcc/avr/4.9.2/../../../avr/lib/avr4/libc.a(ultoa_invert.o)
 .bss           0x000000000080007c        0x0 /usr/lib/gcc/avr/4.9.2/../../../avr/lib/avr4/libc.a(cty_isfalse.o)
 .bss           0x000000000080007c        0x0 /usr/lib/gcc/avr/4.9.2/avr4/libgcc.a(_clear_bss.o)
 .bss           0x000000000080007c        0x0 /usr/lib/gcc/avr/4.9.2/avr4/libgcc.a(_prologue.o)
 .bss           0x000000000080007c        0x0 /usr/lib/gcc/avr/4.9.2/avr4/libgcc.a(_epilogue.o)
 *(.bss*)
 *(COMMON)
 COMMON         0x000000000080007c        0x6 /usr/lib/gcc/avr/4.9.2/../../../avr/lib/avr4/libc.a(iob.o)
                0x000000000080007c                __iob
                0x0000000000800082                PROVIDE (__bss_end, .)
                0x0000000000000cd2                __data_load_start = LOADADDR (.data)
                0x0000000000000cee                __data_load_end = (__data_load_start + SIZEOF (.data))

.noinit         0x0000000000800082        0x0
                0x0000000000800082                PROVIDE (__noinit_start, .)
 *(.noinit*)
                0x0000000000800082                PROVIDE (__noinit_end, .)
                0x0000000000800082                _end = .
                0x0000000000800082                PROVIDE (__heap_start, .)

.eeprom         0x0000000000810000        0x0
 *(.eeprom*)
                0x0000000000810000                __eeprom_end = .

.fuse
 *(.fuse)
 *(.lfuse)
 *(.hfuse)
 *(.efuse)

.lock
 *(.lock*)

.signature
 *(.signature*)

.user_signatures
 *(.user_signatures*)

.stab
 *(.stab)

.stabstr
 *(.stabstr)

.stab.excl
 *(.stab.excl)

.stab.exclstr
 *(.stab.exclstr)

.stab.index
 *(.stab.index)

.stab.indexstr
 *(.stab.indexstr)

.comment        0x0000000000000000       0x11
 *(.comment)
 .comment       0x0000000000000000       0x11 main.o
                                         0x12 (size before relaxing)
 .comment       0x0000000000000011       0x12 uart.o
 .comment       0x0000000000000011       0x12 debug.o
 .comment       0x0000000000000011       0x12 /usr/lib/gcc/avr/4.9.2/../../../avr/lib/avr4/libc.a(iob.o)
 .comment       0x0000000000000011       0x12 /usr/lib/gcc/avr/4.9.2/../../../avr/lib/avr4/libc.a(printf.o)
 .comment       0x0000000000000011       0x12 /usr/lib/gcc/avr/4.9.2/../../../avr/lib/avr4/libc.a(scanf.o)
 .comment       0x0000000000000011       0x12 /usr/lib/gcc/avr/4.9.2/../../../avr/lib/avr4/libc.a(vfprintf_std.o)
 .comment       0x0000000000000011       0x12 /usr/lib/gcc/avr/4.9.2/../../../avr/lib/avr4/libc.a(vfscanf_std.o)
 .comment       0x0000000000000011       0x12 /usr/lib/gcc/avr/4.9.2/../../../avr/lib/avr4/libc.a(fgetc.o)
 .comment       0x0000000000000011       0x12 /usr/lib/gcc/avr/4.9.2/../../../avr/lib/avr4/libc.a(fputc.o)
 .comment       0x0000000000000011       0x12 /usr/lib/gcc/avr/4.9.2/../../../avr/lib/avr4/libc.a(ungetc.o)

.note.gnu.avr.deviceinfo
                0x0000000000000000       0x3c
 .note.gnu.avr.deviceinfo
                0x0000000000000000       0x3c /usr/lib/gcc/avr/4.9.2/../../../avr/lib/avr4/crtatmega8.o

.note.gnu.build-id
 *(.note.gnu.build-id)

.debug
 *(.debug)

.line
 *(.line)

.debug_srcinfo
 *(.debug_srcinfo)

.debug_sfnames
 *(.debug_sfnames)

.debug_aranges  0x0000000000000000       0x60
 *(.debug_aranges)
 .debug_aranges
                0x0000000000000000       0x20 main.o
 .debug_aranges
                0x0000000000000020       0x20 uart.o
 .debug_aranges
                0x0000000000000040       0x20 debug.o

.debug_pubnames
 *(.debug_pubnames)

.debug_info     0x0000000000000000      0x3e1
 *(.debug_info .gnu.linkonce.wi.*)
 .debug_info    0x0000000000000000      0x180 main.o
 .debug_info    0x0000000000000180       0xbc uart.o
 .debug_info    0x000000000000023c      0x1a5 debug.o

.debug_abbrev   0x0000000000000000      0x273
 *(.debug_abbrev)
 .debug_abbrev  0x0000000000000000       0xf8 main.o
 .debug_abbrev  0x00000000000000f8       0x89 uart.o
 .debug_abbrev  0x0000000000000181       0xf2 debug.o

.debug_line     0x0000000000000000      0x131
 *(.debug_line .debug_line.* .debug_line_end)
 .debug_line    0x0000000000000000       0x6a main.o
 .debug_line    0x000000000000006a       0x5f uart.o
 .debug_line    0x00000000000000c9       0x68 debug.o

.debug_frame    0x0000000000000000       0xc0
 *(.debug_frame)
 .debug_frame   0x0000000000000000       0x38 main.o
 .debug_frame   0x0000000000000038       0x44 uart.o
 .debug_frame   0x000000000000007c       0x44 debug.o

.debug_str      0x0000000000000000      0x1b5
 *(.debug_str)
 .debug_str     0x0000000000000000      0x14e main.o
                                        0x187 (size before relaxing)
 .debug_str     0x000000000000014e       0x32 uart.o
                                        0x175 (size before relaxing)
 .debug_str     0x0000000000000180       0x35 debug.o
                                        0x19b (size before relaxing)

.debug_loc      0x0000000000000000      0x114
 *(.debug_loc)
 .debug_loc     0x0000000000000000       0x48 main.o
 .debug_loc     0x0000000000000048       0xcc debug.o

.debug_macinfo
 *(.debug_macinfo)

.debug_weaknames
 *(.debug_weaknames)

.debug_funcnames
 *(.debug_funcnames)

.debug_typenames
 *(.debug_typenames)

.debug_varnames
 *(.debug_varnames)

.debug_pubtypes
 *(.debug_pubtypes)

.debug_ranges
 *(.debug_ranges)

.debug_macro
 *(.debug_macro)
OUTPUT(main.elf elf32-avr)
LOAD linker stubs

Cross Reference Table

Symbol                                            File
USARTReceiveByte                                  debug.o
                                                  main.o
USARTSendByte                                     debug.o
                                                  main.o
__bad_interrupt                                   /usr/lib/gcc/avr/4.9.2/../../../avr/lib/avr4/crtatmega8.o
__bss_end                                         /usr/lib/gcc/avr/4.9.2/avr4/libgcc.a(_clear_bss.o)
__bss_start                                       /usr/lib/gcc/avr/4.9.2/avr4/libgcc.a(_clear_bss.o)
__ctype_isfalse                                   /usr/lib/gcc/avr/4.9.2/../../../avr/lib/avr4/libc.a(cty_isfalse.o)
                                                  /usr/lib/gcc/avr/4.9.2/../../../avr/lib/avr4/libc.a(isspace.o)
__ctype_istrue                                    /usr/lib/gcc/avr/4.9.2/../../../avr/lib/avr4/libc.a(cty_isfalse.o)
__data_end                                        /usr/lib/gcc/avr/4.9.2/avr4/libgcc.a(_copy_data.o)
__data_load_start                                 /usr/lib/gcc/avr/4.9.2/avr4/libgcc.a(_copy_data.o)
__data_start                                      /usr/lib/gcc/avr/4.9.2/avr4/libgcc.a(_copy_data.o)
__do_clear_bss                                    /usr/lib/gcc/avr/4.9.2/avr4/libgcc.a(_clear_bss.o)
                                                  /usr/lib/gcc/avr/4.9.2/../../../avr/lib/avr4/libc.a(iob.o)
__do_copy_data                                    /usr/lib/gcc/avr/4.9.2/avr4/libgcc.a(_copy_data.o)
                                                  main.o
__epilogue_restores__                             /usr/lib/gcc/avr/4.9.2/avr4/libgcc.a(_epilogue.o)
                                                  /usr/lib/gcc/avr/4.9.2/../../../avr/lib/avr4/libc.a(vfscanf_std.o)
                                                  /usr/lib/gcc/avr/4.9.2/../../../avr/lib/avr4/libc.a(vfprintf_std.o)
                                                  /usr/lib/gcc/avr/4.9.2/../../../avr/lib/avr4/libc.a(scanf.o)
                                                  /usr/lib/gcc/avr/4.9.2/../../../avr/lib/avr4/libc.a(printf.o)
__heap_end                                        /usr/lib/gcc/avr/4.9.2/../../../avr/lib/avr4/crtatmega8.o
__init                                            /usr/lib/gcc/avr/4.9.2/../../../avr/lib/avr4/crtatmega8.o
__iob                                             /usr/lib/gcc/avr/4.9.2/../../../avr/lib/avr4/libc.a(iob.o)
                                                  /usr/lib/gcc/avr/4.9.2/../../../avr/lib/avr4/libc.a(scanf.o)
                                                  /usr/lib/gcc/avr/4.9.2/../../../avr/lib/avr4/libc.a(printf.o)
                                                  main.o
__prologue_saves__                                /usr/lib/gcc/avr/4.9.2/avr4/libgcc.a(_prologue.o)
                                                  /usr/lib/gcc/avr/4.9.2/../../../avr/lib/avr4/libc.a(vfscanf_std.o)
                                                  /usr/lib/gcc/avr/4.9.2/../../../avr/lib/avr4/libc.a(vfprintf_std.o)
                                                  /usr/lib/gcc/avr/4.9.2/../../../avr/lib/avr4/libc.a(scanf.o)
                                                  /usr/lib/gcc/avr/4.9.2/../../../avr/lib/avr4/libc.a(printf.o)
__stack                                           /usr/lib/gcc/avr/4.9.2/../../../avr/lib/avr4/crtatmega8.o
__ultoa_invert                                    /usr/lib/gcc/avr/4.9.2/../../../avr/lib/avr4/libc.a(ultoa_invert.o)
                                                  /usr/lib/gcc/avr/4.9.2/../../../avr/lib/avr4/libc.a(vfprintf_std.o)
__vector_1                                        /usr/lib/gcc/avr/4.9.2/../../../avr/lib/avr4/crtatmega8.o
__vector_10                                       /usr/lib/gcc/avr/4.9.2/../../../avr/lib/avr4/crtatmega8.o
__vector_11                                       /usr/lib/gcc/avr/4.9.2/../../../avr/lib/avr4/crtatmega8.o
__vector_12                                       /usr/lib/gcc/avr/4.9.2/../../../avr/lib/avr4/crtatmega8.o
__vector_13                                       /usr/lib/gcc/avr/4.9.2/../../../avr/lib/avr4/crtatmega8.o
__vector_14                                       /usr/lib/gcc/avr/4.9.2/../../../avr/lib/avr4/crtatmega8.o
__vector_15                                       /usr/lib/gcc/avr/4.9.2/../../../avr/lib/avr4/crtatmega8.o
__vector_16                                       /usr/lib/gcc/avr/4.9.2/../../../avr/lib/avr4/crtatmega8.o
__vector_17                                       /usr/lib/gcc/avr/4.9.2/../../../avr/lib/avr4/crtatmega8.o
__vector_18                                       /usr/lib/gcc/avr/4.9.2/../../../avr/lib/avr4/crtatmega8.o
__vector_2                                        /usr/lib/gcc/avr/4.9.2/../../../avr/lib/avr4/crtatmega8.o
__vector_3                                        /usr/lib/gcc/avr/4.9.2/../../../avr/lib/avr4/crtatmega8.o
__vector_4                                        /usr/lib/gcc/avr/4.9.2/../../../avr/lib/avr4/crtatmega8.o
__vector_5                                        /usr/lib/gcc/avr/4.9.2/../../../avr/lib/avr4/crtatmega8.o
__vector_6                                        /usr/lib/gcc/avr/4.9.2/../../../avr/lib/avr4/crtatmega8.o
__vector_7                                        /usr/lib/gcc/avr/4.9.2/../../../avr/lib/avr4/crtatmega8.o
__vector_8                                        /usr/lib/gcc/avr/4.9.2/../../../avr/lib/avr4/crtatmega8.o
__vector_9                                        /usr/lib/gcc/avr/4.9.2/../../../avr/lib/avr4/crtatmega8.o
__vector_default                                  /usr/lib/gcc/avr/4.9.2/../../../avr/lib/avr4/crtatmega8.o
__vectors                                         /usr/lib/gcc/avr/4.9.2/../../../avr/lib/avr4/crtatmega8.o
_exit                                             /usr/lib/gcc/avr/4.9.2/avr4/libgcc.a(_exit.o)
exit                                              /usr/lib/gcc/avr/4.9.2/avr4/libgcc.a(_exit.o)
                                                  /usr/lib/gcc/avr/4.9.2/../../../avr/lib/avr4/crtatmega8.o
fgetc                                             /usr/lib/gcc/avr/4.9.2/../../../avr/lib/avr4/libc.a(fgetc.o)
                                                  /usr/lib/gcc/avr/4.9.2/../../../avr/lib/avr4/libc.a(vfscanf_std.o)
fputc                                             /usr/lib/gcc/avr/4.9.2/../../../avr/lib/avr4/libc.a(fputc.o)
                                                  /usr/lib/gcc/avr/4.9.2/../../../avr/lib/avr4/libc.a(vfprintf_std.o)
isspace                                           /usr/lib/gcc/avr/4.9.2/../../../avr/lib/avr4/libc.a(isspace.o)
                                                  /usr/lib/gcc/avr/4.9.2/../../../avr/lib/avr4/libc.a(vfscanf_std.o)
main                                              main.o
                                                  /usr/lib/gcc/avr/4.9.2/../../../avr/lib/avr4/crtatmega8.o
printf                                            /usr/lib/gcc/avr/4.9.2/../../../avr/lib/avr4/libc.a(printf.o)
                                                  main.o
scanf                                             /usr/lib/gcc/avr/4.9.2/../../../avr/lib/avr4/libc.a(scanf.o)
                                                  main.o
strchr_P                                          /usr/lib/gcc/avr/4.9.2/../../../avr/lib/avr4/libc.a(strchr_P.o)
                                                  /usr/lib/gcc/avr/4.9.2/../../../avr/lib/avr4/libc.a(vfscanf_std.o)
strnlen                                           /usr/lib/gcc/avr/4.9.2/../../../avr/lib/avr4/libc.a(strnlen.o)
                                                  /usr/lib/gcc/avr/4.9.2/../../../avr/lib/avr4/libc.a(vfprintf_std.o)
strnlen_P                                         /usr/lib/gcc/avr/4.9.2/../../../avr/lib/avr4/libc.a(strnlen_P.o)
                                                  /usr/lib/gcc/avr/4.9.2/../../../avr/lib/avr4/libc.a(vfprintf_std.o)
uart_init                                         uart.o
                                                  main.o
uart_receive_char                                 uart.o
uart_send_char                                    uart.o
ungetc                                            /usr/lib/gcc/avr/4.9.2/../../../avr/lib/avr4/libc.a(ungetc.o)
                                                  /usr/lib/gcc/avr/4.9.2/../../../avr/lib/avr4/libc.a(vfscanf_std.o)
usart_str                                         main.o
vfprintf                                          /usr/lib/gcc/avr/4.9.2/../../../avr/lib/avr4/libc.a(vfprintf_std.o)
                                                  /usr/lib/gcc/avr/4.9.2/../../../avr/lib/avr4/libc.a(printf.o)
vfscanf                                           /usr/lib/gcc/avr/4.9.2/../../../avr/lib/avr4/libc.a(vfscanf_std.o)
                                                  /usr/lib/gcc/avr/4.9.2/../../../avr/lib/avr4/libc.a(scanf.o)
